[01Aug2026 18:33:44.618] [main/INFO] [cpw.mods.modlauncher.Launcher/MODLAUNCHER]: ModLauncher running: args [--launchTarget, forge_userdev_data, --assetIndex, 17, --assetsDir, C:\Users\gbart\AppData\Local\Temp\cursor-sandbox-cache\69d16d3ad0bc2f0f0cfcc9ef295d1e20\gradle\caches\forge_gradle\assets, --gameDir, ., --mod, materia, --all, --output, C:\MCMods\Materia\1.21.1\src\generated\resources, --existing, C:\MCMods\Materia\1.21.1\src\main\resources]
[01Aug2026 18:33:44.626] [main/INFO] [cpw.mods.modlauncher.Launcher/MODLAUNCHER]: JVM identified as Eclipse Adoptium OpenJDK 64-Bit Server VM 21.0.12+8-LTS
[01Aug2026 18:33:44.627] [main/INFO] [cpw.mods.modlauncher.Launcher/MODLAUNCHER]: ModLauncher 10.2.4 starting: java version 21.0.12 by Eclipse Adoptium; OS Windows 11 arch amd64 version 10.0
[01Aug2026 18:33:44.762] [main/INFO] [net.minecraftforge.fml.loading.ImmediateWindowHandler/]: ImmediateWindowProvider not loading because launch target is forge_userdev_data
[01Aug2026 18:33:44.902] [main/INFO] [mixin/]: SpongePowered MIXIN Subsystem Version=0.8.7 Source=jar:file:///C:/Users/gbart/AppData/Local/Temp/cursor-sandbox-cache/69d16d3ad0bc2f0f0cfcc9ef295d1e20/gradle/caches/modules-2/files-2.1/org.spongepowered/mixin/0.8.7/8ab114ac385e6dbdad5efafe28aba4df8120915f/mixin-0.8.7.jar!/ Service=ModLauncher Env=UNKNOWN
[01Aug2026 18:33:47.545] [main/INFO] [net.minecraftforge.fml.loading.moddiscovery.JarInJarDependencyLocator/]: No dependencies to load found. Skipping!
[01Aug2026 18:33:49.221] [main/INFO] [cpw.mods.modlauncher.LaunchServiceHandler/MODLAUNCHER]: Launching target 'forge_userdev_data' with arguments [--gameDir, ., --assetsDir, C:\Users\gbart\AppData\Local\Temp\cursor-sandbox-cache\69d16d3ad0bc2f0f0cfcc9ef295d1e20\gradle\caches\forge_gradle\assets, --assetIndex, 17, --mod, materia, --all, --output, C:\MCMods\Materia\1.21.1\src\generated\resources, --existing, C:\MCMods\Materia\1.21.1\src\main\resources]
[01Aug2026 18:33:56.719] [main/FATAL] [net.minecraftforge.fml.ModLoader/LOADING]: File C:\MCMods\Materia\1.21.1\build\sourcesSets\main constructed 0 mods: [], but had 1 mods specified: [materia]
[01Aug2026 18:33:56.720] [main/FATAL] [net.minecraftforge.fml.ModLoader/LOADING]: The following classes are missing, but are reported in the mods.toml: [materia]
[01Aug2026 18:33:56.720] [main/FATAL] [net.minecraftforge.fml.ModLoader/LOADING]: The following mods are missing, but have classes in the jar: []
[01Aug2026 18:33:56.721] [main/FATAL] [net.minecraftforge.fml.ModLoader/CORE]: Failed to initialize mod containers
net.minecraftforge.fml.ModLoadingException: fml.modloading.missingclasses
	at LAYER PLUGIN/net.minecraftforge.fmlcore@1.21.1-52.1.9/net.minecraftforge.fml.ModLoader.buildMods(ModLoader.java:301) ~[fmlcore-1.21.1-52.1.9.jar:1.0]
	at java.base/java.util.stream.ReferencePipeline$3$1.accept(ReferencePipeline.java:197) ~[?:?]
	at java.base/java.util.stream.ReferencePipeline$3$1.accept(ReferencePipeline.java:197) ~[?:?]
	at java.base/java.util.ArrayList$ArrayListSpliterator.forEachRemaining(ArrayList.java:1708) ~[?:?]
	at java.base/java.util.stream.AbstractPipeline.copyInto(AbstractPipeline.java:509) ~[?:?]
	at java.base/java.util.stream.AbstractPipeline.wrapAndCopyInto(AbstractPipeline.java:499) ~[?:?]
	at java.base/java.util.stream.AbstractPipeline.evaluate(AbstractPipeline.java:575) ~[?:?]
	at java.base/java.util.stream.AbstractPipeline.evaluateToArrayNode(AbstractPipeline.java:260) ~[?:?]
	at java.base/java.util.stream.ReferencePipeline.toArray(ReferencePipeline.java:616) ~[?:?]
	at java.base/java.util.stream.ReferencePipeline.toArray(ReferencePipeline.java:622) ~[?:?]
	at java.base/java.util.stream.ReferencePipeline.toList(ReferencePipeline.java:627) ~[?:?]
	at LAYER PLUGIN/net.minecraftforge.fmlcore@1.21.1-52.1.9/net.minecraftforge.fml.ModLoader.gatherAndInitializeMods(ModLoader.java:184) ~[fmlcore-1.21.1-52.1.9.jar:1.0]
	at TRANSFORMER/net.minecraftforge.forge@52.1.9/net.minecraftforge.data.loading.DatagenModLoader.begin(DatagenModLoader.java:46) ~[forge-1.21.1-52.1.9_mapped_official_1.21.1.jar:?]
	at TRANSFORMER/minecraft@1.21.1/net.minecraft.data.Main.main(Main.java:101) ~[forge-1.21.1-52.1.9_mapped_official_1.21.1.jar:?]
	at java.base/jdk.internal.reflect.DirectMethodHandleAccessor.invoke(DirectMethodHandleAccessor.java:103) ~[?:?]
	at java.base/java.lang.reflect.Method.invoke(Method.java:580) ~[?:?]
	at SECURE-BOOTSTRAP/net.minecraftforge.fmlloader@1.21.1-52.1.9/net.minecraftforge.fml.loading.targets.CommonLaunchHandler.runTarget(CommonLaunchHandler.java:85) ~[fmlloader-1.21.1-52.1.9.jar!/:?]
	at SECURE-BOOTSTRAP/net.minecraftforge.fmlloader@1.21.1-52.1.9/net.minecraftforge.fml.loading.targets.CommonLaunchHandler.lambda$makeService$0(CommonLaunchHandler.java:69) ~[fmlloader-1.21.1-52.1.9.jar!/:?]
	at SECURE-BOOTSTRAP/cpw.mods.modlauncher@10.2.4/cpw.mods.modlauncher.LaunchServiceHandler.launch(LaunchServiceHandler.java:77) [modlauncher-10.2.4.jar!/:?]
	at SECURE-BOOTSTRAP/cpw.mods.modlauncher@10.2.4/cpw.mods.modlauncher.LaunchServiceHandler.launch(LaunchServiceHandler.java:97) [modlauncher-10.2.4.jar!/:?]
	at SECURE-BOOTSTRAP/cpw.mods.modlauncher@10.2.4/cpw.mods.modlauncher.Launcher.run(Launcher.java:116) [modlauncher-10.2.4.jar!/:?]
	at SECURE-BOOTSTRAP/cpw.mods.modlauncher@10.2.4/cpw.mods.modlauncher.Launcher.main(Launcher.java:75) [modlauncher-10.2.4.jar!/:?]
	at SECURE-BOOTSTRAP/cpw.mods.modlauncher@10.2.4/cpw.mods.modlauncher.BootstrapEntry.main(BootstrapEntry.java:17) [modlauncher-10.2.4.jar!/:?]
	at net.minecraftforge.bootstrap@2.1.7/net.minecraftforge.bootstrap.Bootstrap.moduleMain(Bootstrap.java:188) [bootstrap-2.1.8.jar!/:?]
	at java.base/jdk.internal.reflect.DirectMethodHandleAccessor.invoke(DirectMethodHandleAccessor.java:103) ~[?:?]
	at java.base/java.lang.reflect.Method.invoke(Method.java:580) ~[?:?]
	at net.minecraftforge.bootstrap.Bootstrap.bootstrapMain(Bootstrap.java:133) [bootstrap-2.1.8.jar:2.1.8]
	at net.minecraftforge.bootstrap.Bootstrap.start(Bootstrap.java:53) [bootstrap-2.1.8.jar:2.1.8]
	at net.minecraftforge.bootstrap.ForgeBootstrap.main(ForgeBootstrap.java:19) [bootstrap-2.1.8.jar:2.1.8]
